---
source: tests/cli.rs
expression: output
---
--- exit code ---
1
--- stdout ---
VCS_Context:1:1: [no-edits-on-described-commits] Running `jj edit @` on a described commit is discouraged.
  Rationale: Editing described commits breaks atomicity and review stability.
  Suggestion: Create a new change with `jj new @` instead of editing this commit directly.


--- stderr ---
