---
source: tests/cli.rs
expression: output
---
--- exit code ---
1
--- stdout ---
[
  {
    "rule_name": "nested-function",
    "message": {
      "summary": "Function `inner` is defined inside another function.",
      "rationale": "A nested named function captures the enclosing scope implicitly and cannot be imported or tested on its own.",
      "suggestion": "Extract `inner` to a module-level private function (`_inner`), or use an inline `lambda` for a trivial callback."
    },
    "location": {
      "context": "[TEMP_PATH]",
      "span": {
        "start": 17,
        "end": 42
      },
      "line": 2,
      "column": 5
    }
  }
]

--- stderr ---
