---
source: tests/cli.rs
expression: "output.replace(binary, \"<binary>\")"
---
--- exit code ---
0
--- stdout ---
# no-sleep-in-tests

Status: enabled (default)

## What it does

Flags wall-clock and async sleep calls in test files: `time.sleep`, `asyncio.sleep`, `anyio.sleep` and `trio.sleep` in Python, `std::thread::sleep` and `tokio::time::sleep` in Rust, and a bare `sleep`. Calls on an injected object, such as `fake_clock.sleep(10)`, are not flagged. Zero-duration sleeps are left to `no-zero-sleep-in-tests`.

## Why is this bad?

A fixed sleep guesses how long another thread, task or process needs. Too short, and the test fails when the machine is loaded: the test is flaky. Too long, and every run pays the full delay. Either way, the test no longer says what it waits for.

Wait on the event itself (an event, a channel, a condition variable), or inject a clock that the test advances.

## Message

- Summary: Wall-clock or async sleep call `{call}()` in test.
- Rationale: Sleeping for fixed durations slows down test execution and introduces timing-dependent flakiness under load.
- Suggestion: Synchronize on deterministic primitives (events, channels, conditions) or advance an injected virtual clock (`clock.sleep(...)`).
  - Python: Synchronize on deterministic signals (`anyio.Event`, `asyncio.Event`, or a queue) or advance an injected virtual clock (`clock.sleep(...)`).
  - Rust: Synchronize on deterministic primitives (`tokio::sync::Notify`, channels, `Condvar`) or pause time with `tokio::time::pause()`.

## Configuration

Keys under `[rules.no-sleep-in-tests]`, or `[rules.no-sleep-in-tests.<language>]` for one language:

- `allowed`
- `banned`
- `extend_banned`

## References

- [Eradicating Non-Determinism in Tests (Martin Fowler)](https://martinfowler.com/articles/nonDeterminism.html)
- [Flaky Tests at Google and How We Mitigate Them](https://testing.googleblog.com/2016/05/flaky-tests-at-google-and-how-we.html)

## Tags

- Topic: test-timing, testing [via test-timing]
- Precision: exact
- Consensus: unopinionated
- Impacted quality: reliability
- Languages: python, rust
- Analyzed input: code
- File scope: tests-only

--- stderr ---
