---
source: tests/cli.rs
expression: output_full
---
--- exit code ---
1
--- stdout ---
test.py:2:5: [flat-scope-enforced] Function `inner` is defined inside another function.
  Rationale: Nested named functions bloat enclosing scopes and capture ambient state implicitly, increasing cognitive complexity and preventing isolated unit testing.
  Suggestion: Extract `inner` to a module-level private function (`_inner`) or use an inline `lambda` for trivial callbacks.

test.py:5:5: [flat-scope-enforced] Function `world` is defined inside another function.
  Rationale: Nested named functions bloat enclosing scopes and capture ambient state implicitly, increasing cognitive complexity and preventing isolated unit testing.
  Suggestion: Extract `world` to a module-level private function (`_world`) or use an inline `lambda` for trivial callbacks.


--- stderr ---
